// Vitest Snapshot v1

exports[`loadUserDetails > loads user data as expected 1`] = `
{
  "coolness": 100,
  "favoriteFood": "sushi",
  "name": "Anthony",
  "projects": [
    "vitest",
    "vite",
  ],
  "username": "antfu7",
}
`;
